--- Test d'ex├⌐cution des tableaux ---
Erreurs Parser:
- [Ligne 14:33] Les tableaux multidimensionnels ne sont pas support├⌐s (Indice: Le langage supporte uniquement les tableaux ├á une seule dimension : T[indice].)
- [Ligne 16:4] Point-virgule manquant apr├¿s ECRIRE(...) (Indice: Ajoutez ';' ├á la fin.)
- [Ligne 17:1] Parenth├¿se fermante manquante dans ECRIRE (Indice: Ajoutez ")" pour fermer l'appel ECRIRE.)
- [Ligne 17:1] La boucle POUR doit se terminer par FINPOUR (Indice: Ajoutez "FINPOUR" pour fermer la boucle.)
- [Ligne 17:1] Le mot-cl├⌐ FIN est obligatoire pour terminer le programme (Indice: Ajoutez "FIN" ├á la fin du programme.)
